C:/Dev/TouchGFXProjects/Frequency-Analyzer-Display/Drivers/BSP/Components/wm8994/wm8994.c:88:9:WM8994_Init	24	static
C:/Dev/TouchGFXProjects/Frequency-Analyzer-Display/Drivers/BSP/Components/wm8994/wm8994.c:612:9:WM8994_DeInit	16	static
C:/Dev/TouchGFXProjects/Frequency-Analyzer-Display/Drivers/BSP/Components/wm8994/wm8994.c:624:9:WM8994_ReadID	24	static
C:/Dev/TouchGFXProjects/Frequency-Analyzer-Display/Drivers/BSP/Components/wm8994/wm8994.c:645:9:WM8994_Play	16	static
C:/Dev/TouchGFXProjects/Frequency-Analyzer-Display/Drivers/BSP/Components/wm8994/wm8994.c:657:9:WM8994_Pause	24	static
C:/Dev/TouchGFXProjects/Frequency-Analyzer-Display/Drivers/BSP/Components/wm8994/wm8994.c:685:9:WM8994_Resume	16	static
C:/Dev/TouchGFXProjects/Frequency-Analyzer-Display/Drivers/BSP/Components/wm8994/wm8994.c:705:9:WM8994_Stop	24	static
C:/Dev/TouchGFXProjects/Frequency-Analyzer-Display/Drivers/BSP/Components/wm8994/wm8994.c:756:9:WM8994_SetVolume	32	static
C:/Dev/TouchGFXProjects/Frequency-Analyzer-Display/Drivers/BSP/Components/wm8994/wm8994.c:839:9:WM8994_GetVolume	32	static
C:/Dev/TouchGFXProjects/Frequency-Analyzer-Display/Drivers/BSP/Components/wm8994/wm8994.c:878:9:WM8994_SetMute	24	static
C:/Dev/TouchGFXProjects/Frequency-Analyzer-Display/Drivers/BSP/Components/wm8994/wm8994.c:919:9:WM8994_SetOutputMode	24	static
C:/Dev/TouchGFXProjects/Frequency-Analyzer-Display/Drivers/BSP/Components/wm8994/wm8994.c:1094:9:WM8994_SetResolution	24	static
C:/Dev/TouchGFXProjects/Frequency-Analyzer-Display/Drivers/BSP/Components/wm8994/wm8994.c:1111:9:WM8994_GetResolution	24	static
C:/Dev/TouchGFXProjects/Frequency-Analyzer-Display/Drivers/BSP/Components/wm8994/wm8994.c:1153:9:WM8994_SetProtocol	24	static
C:/Dev/TouchGFXProjects/Frequency-Analyzer-Display/Drivers/BSP/Components/wm8994/wm8994.c:1170:9:WM8994_GetProtocol	24	static
C:/Dev/TouchGFXProjects/Frequency-Analyzer-Display/Drivers/BSP/Components/wm8994/wm8994.c:1193:9:WM8994_SetFrequency	24	static
C:/Dev/TouchGFXProjects/Frequency-Analyzer-Display/Drivers/BSP/Components/wm8994/wm8994.c:1259:9:WM8994_GetFrequency	24	static
C:/Dev/TouchGFXProjects/Frequency-Analyzer-Display/Drivers/BSP/Components/wm8994/wm8994.c:1309:9:WM8994_Reset	24	static
C:/Dev/TouchGFXProjects/Frequency-Analyzer-Display/Drivers/BSP/Components/wm8994/wm8994.c:1328:9:WM8994_RegisterBusIO	24	static
C:/Dev/TouchGFXProjects/Frequency-Analyzer-Display/Drivers/BSP/Components/wm8994/wm8994.c:1368:16:WM8994_Delay	24	static
C:/Dev/TouchGFXProjects/Frequency-Analyzer-Display/Drivers/BSP/Components/wm8994/wm8994.c:1388:16:WM8994_ReadRegWrap	40	static
C:/Dev/TouchGFXProjects/Frequency-Analyzer-Display/Drivers/BSP/Components/wm8994/wm8994.c:1403:16:WM8994_WriteRegWrap	40	static
