C:/Dev/TouchGFXProjects/Frequency-Analyzer-Display/Core/Src/main.c:192:5:main	6
C:/Dev/TouchGFXProjects/Frequency-Analyzer-Display/Core/Src/main.c:315:6:ProcessFrequencyData	4
C:/Dev/TouchGFXProjects/Frequency-Analyzer-Display/Core/Src/main.c:375:18:UpdateTask	6
C:/Dev/TouchGFXProjects/Frequency-Analyzer-Display/Core/Src/main.c:395:18:ProcessFrequencyTask	10
C:/Dev/TouchGFXProjects/Frequency-Analyzer-Display/Core/Src/main.c:434:18:FFTTask	6
C:/Dev/TouchGFXProjects/Frequency-Analyzer-Display/Core/Src/main.c:532:6:WindowPrecompile	3
C:/Dev/TouchGFXProjects/Frequency-Analyzer-Display/Core/Src/main.c:551:6:RemoveMean	2
C:/Dev/TouchGFXProjects/Frequency-Analyzer-Display/Core/Src/main.c:563:7:SystemClock_Config	4
C:/Dev/TouchGFXProjects/Frequency-Analyzer-Display/Core/Src/main.c:644:13:MX_CRC_Init	2
C:/Dev/TouchGFXProjects/Frequency-Analyzer-Display/Core/Src/main.c:675:13:MX_DMA2D_Init	3
C:/Dev/TouchGFXProjects/Frequency-Analyzer-Display/Core/Src/main.c:715:13:MX_JPEG_Init	2
C:/Dev/TouchGFXProjects/Frequency-Analyzer-Display/Core/Src/main.c:741:13:MX_LTDC_Init	3
C:/Dev/TouchGFXProjects/Frequency-Analyzer-Display/Core/Src/main.c:802:13:MX_MDMA_Init	1
C:/Dev/TouchGFXProjects/Frequency-Analyzer-Display/Core/Src/main.c:817:13:MX_FMC_Init	3
C:/Dev/TouchGFXProjects/Frequency-Analyzer-Display/Core/Src/main.c:872:13:MX_GPIO_Init	1
C:/Dev/TouchGFXProjects/Frequency-Analyzer-Display/Core/Src/main.c:957:6:MPU_Config	1
C:/Dev/TouchGFXProjects/Frequency-Analyzer-Display/Core/Src/main.c:1035:6:HAL_TIM_PeriodElapsedCallback	2
C:/Dev/TouchGFXProjects/Frequency-Analyzer-Display/Core/Src/main.c:1052:6:Error_Handler	1
