C:/Dev/TouchGFXProjects/Frequency-Analyzer-Display/Core/Src/main.c:192:5:main	24	static,ignoring_inline_asm
C:/Dev/TouchGFXProjects/Frequency-Analyzer-Display/Core/Src/main.c:315:6:ProcessFrequencyData	24	static
C:/Dev/TouchGFXProjects/Frequency-Analyzer-Display/Core/Src/main.c:375:18:UpdateTask	24	static
C:/Dev/TouchGFXProjects/Frequency-Analyzer-Display/Core/Src/main.c:395:18:ProcessFrequencyTask	72	static,ignoring_inline_asm
C:/Dev/TouchGFXProjects/Frequency-Analyzer-Display/Core/Src/main.c:434:18:FFTTask	72	static
C:/Dev/TouchGFXProjects/Frequency-Analyzer-Display/Core/Src/main.c:532:6:WindowPrecompile	40	static
C:/Dev/TouchGFXProjects/Frequency-Analyzer-Display/Core/Src/main.c:553:6:RemoveMean	32	static
C:/Dev/TouchGFXProjects/Frequency-Analyzer-Display/Core/Src/main.c:565:7:SystemClock_Config	128	static
C:/Dev/TouchGFXProjects/Frequency-Analyzer-Display/Core/Src/main.c:646:13:MX_CRC_Init	8	static
C:/Dev/TouchGFXProjects/Frequency-Analyzer-Display/Core/Src/main.c:677:13:MX_DMA2D_Init	8	static
C:/Dev/TouchGFXProjects/Frequency-Analyzer-Display/Core/Src/main.c:717:13:MX_JPEG_Init	8	static
C:/Dev/TouchGFXProjects/Frequency-Analyzer-Display/Core/Src/main.c:743:13:MX_LTDC_Init	64	static
C:/Dev/TouchGFXProjects/Frequency-Analyzer-Display/Core/Src/main.c:804:13:MX_MDMA_Init	16	static
C:/Dev/TouchGFXProjects/Frequency-Analyzer-Display/Core/Src/main.c:819:13:MX_FMC_Init	40	static
C:/Dev/TouchGFXProjects/Frequency-Analyzer-Display/Core/Src/main.c:874:13:MX_GPIO_Init	72	static
C:/Dev/TouchGFXProjects/Frequency-Analyzer-Display/Core/Src/main.c:959:6:MPU_Config	24	static
C:/Dev/TouchGFXProjects/Frequency-Analyzer-Display/Core/Src/main.c:1037:6:HAL_TIM_PeriodElapsedCallback	16	static
C:/Dev/TouchGFXProjects/Frequency-Analyzer-Display/Core/Src/main.c:1054:6:Error_Handler	4	static
