C:/Dev/TouchGFXProjects/Frequency-Analyzer-Display/Core/Src/main.c:192:5:main	6
C:/Dev/TouchGFXProjects/Frequency-Analyzer-Display/Core/Src/main.c:315:6:ProcessFrequencyData	4
C:/Dev/TouchGFXProjects/Frequency-Analyzer-Display/Core/Src/main.c:375:18:UpdateTask	6
C:/Dev/TouchGFXProjects/Frequency-Analyzer-Display/Core/Src/main.c:395:18:ProcessFrequencyTask	10
C:/Dev/TouchGFXProjects/Frequency-Analyzer-Display/Core/Src/main.c:434:18:FFTTask	6
C:/Dev/TouchGFXProjects/Frequency-Analyzer-Display/Core/Src/main.c:532:6:WindowPrecompile	3
C:/Dev/TouchGFXProjects/Frequency-Analyzer-Display/Core/Src/main.c:553:6:RemoveMean	2
C:/Dev/TouchGFXProjects/Frequency-Analyzer-Display/Core/Src/main.c:565:7:SystemClock_Config	4
C:/Dev/TouchGFXProjects/Frequency-Analyzer-Display/Core/Src/main.c:646:13:MX_CRC_Init	2
C:/Dev/TouchGFXProjects/Frequency-Analyzer-Display/Core/Src/main.c:677:13:MX_DMA2D_Init	3
C:/Dev/TouchGFXProjects/Frequency-Analyzer-Display/Core/Src/main.c:717:13:MX_JPEG_Init	2
C:/Dev/TouchGFXProjects/Frequency-Analyzer-Display/Core/Src/main.c:743:13:MX_LTDC_Init	3
C:/Dev/TouchGFXProjects/Frequency-Analyzer-Display/Core/Src/main.c:804:13:MX_MDMA_Init	1
C:/Dev/TouchGFXProjects/Frequency-Analyzer-Display/Core/Src/main.c:819:13:MX_FMC_Init	3
C:/Dev/TouchGFXProjects/Frequency-Analyzer-Display/Core/Src/main.c:874:13:MX_GPIO_Init	1
C:/Dev/TouchGFXProjects/Frequency-Analyzer-Display/Core/Src/main.c:959:6:MPU_Config	1
C:/Dev/TouchGFXProjects/Frequency-Analyzer-Display/Core/Src/main.c:1037:6:HAL_TIM_PeriodElapsedCallback	2
C:/Dev/TouchGFXProjects/Frequency-Analyzer-Display/Core/Src/main.c:1054:6:Error_Handler	1
