C:/Dev/TouchGFXProjects/Frequency-Analyzer-Display/Core/Src/main.c:192:5:main	24	static,ignoring_inline_asm
C:/Dev/TouchGFXProjects/Frequency-Analyzer-Display/Core/Src/main.c:315:6:ProcessFrequencyData	24	static
C:/Dev/TouchGFXProjects/Frequency-Analyzer-Display/Core/Src/main.c:375:18:UpdateTask	24	static
C:/Dev/TouchGFXProjects/Frequency-Analyzer-Display/Core/Src/main.c:395:18:ProcessFrequencyTask	72	static,ignoring_inline_asm
C:/Dev/TouchGFXProjects/Frequency-Analyzer-Display/Core/Src/main.c:434:18:FFTTask	72	static
C:/Dev/TouchGFXProjects/Frequency-Analyzer-Display/Core/Src/main.c:532:6:WindowPrecompile	40	static
C:/Dev/TouchGFXProjects/Frequency-Analyzer-Display/Core/Src/main.c:551:6:RemoveMean	32	static
C:/Dev/TouchGFXProjects/Frequency-Analyzer-Display/Core/Src/main.c:563:7:SystemClock_Config	128	static
C:/Dev/TouchGFXProjects/Frequency-Analyzer-Display/Core/Src/main.c:644:13:MX_CRC_Init	8	static
C:/Dev/TouchGFXProjects/Frequency-Analyzer-Display/Core/Src/main.c:675:13:MX_DMA2D_Init	8	static
C:/Dev/TouchGFXProjects/Frequency-Analyzer-Display/Core/Src/main.c:715:13:MX_JPEG_Init	8	static
C:/Dev/TouchGFXProjects/Frequency-Analyzer-Display/Core/Src/main.c:741:13:MX_LTDC_Init	64	static
C:/Dev/TouchGFXProjects/Frequency-Analyzer-Display/Core/Src/main.c:802:13:MX_MDMA_Init	16	static
C:/Dev/TouchGFXProjects/Frequency-Analyzer-Display/Core/Src/main.c:817:13:MX_FMC_Init	40	static
C:/Dev/TouchGFXProjects/Frequency-Analyzer-Display/Core/Src/main.c:872:13:MX_GPIO_Init	72	static
C:/Dev/TouchGFXProjects/Frequency-Analyzer-Display/Core/Src/main.c:957:6:MPU_Config	24	static
C:/Dev/TouchGFXProjects/Frequency-Analyzer-Display/Core/Src/main.c:1035:6:HAL_TIM_PeriodElapsedCallback	16	static
C:/Dev/TouchGFXProjects/Frequency-Analyzer-Display/Core/Src/main.c:1052:6:Error_Handler	4	static
