C:/Dev/TouchGFXProjects/Frequency-Analyzer-Display/Core/Src/stm32h7xx_hal_msp.c:68:6:HAL_MspInit	16	static
C:/Dev/TouchGFXProjects/Frequency-Analyzer-Display/Core/Src/stm32h7xx_hal_msp.c:91:6:HAL_CRC_MspInit	24	static
C:/Dev/TouchGFXProjects/Frequency-Analyzer-Display/Core/Src/stm32h7xx_hal_msp.c:113:6:HAL_CRC_MspDeInit	16	static
C:/Dev/TouchGFXProjects/Frequency-Analyzer-Display/Core/Src/stm32h7xx_hal_msp.c:135:6:HAL_DMA2D_MspInit	24	static
C:/Dev/TouchGFXProjects/Frequency-Analyzer-Display/Core/Src/stm32h7xx_hal_msp.c:160:6:HAL_DMA2D_MspDeInit	16	static
C:/Dev/TouchGFXProjects/Frequency-Analyzer-Display/Core/Src/stm32h7xx_hal_msp.c:185:6:HAL_JPEG_MspInit	24	static
C:/Dev/TouchGFXProjects/Frequency-Analyzer-Display/Core/Src/stm32h7xx_hal_msp.c:269:6:HAL_JPEG_MspDeInit	16	static
C:/Dev/TouchGFXProjects/Frequency-Analyzer-Display/Core/Src/stm32h7xx_hal_msp.c:298:6:HAL_LTDC_MspInit	256	static
C:/Dev/TouchGFXProjects/Frequency-Analyzer-Display/Core/Src/stm32h7xx_hal_msp.c:410:6:HAL_LTDC_MspDeInit	16	static
C:/Dev/TouchGFXProjects/Frequency-Analyzer-Display/Core/Src/stm32h7xx_hal_msp.c:478:6:HAL_QSPI_MspInit	256	static
C:/Dev/TouchGFXProjects/Frequency-Analyzer-Display/Core/Src/stm32h7xx_hal_msp.c:571:6:HAL_QSPI_MspDeInit	16	static
C:/Dev/TouchGFXProjects/Frequency-Analyzer-Display/Core/Src/stm32h7xx_hal_msp.c:610:13:HAL_FMC_MspInit	232	static
C:/Dev/TouchGFXProjects/Frequency-Analyzer-Display/Core/Src/stm32h7xx_hal_msp.c:719:6:HAL_SDRAM_MspInit	16	static
C:/Dev/TouchGFXProjects/Frequency-Analyzer-Display/Core/Src/stm32h7xx_hal_msp.c:731:13:HAL_FMC_MspDeInit	8	static
C:/Dev/TouchGFXProjects/Frequency-Analyzer-Display/Core/Src/stm32h7xx_hal_msp.c:803:6:HAL_SDRAM_MspDeInit	16	static
