C:/Dev/TouchGFXProjects/Frequency-Analyzer-Display/Core/Src/stm32h7xx_it.c:78:6:NMI_Handler	4	static
C:/Dev/TouchGFXProjects/Frequency-Analyzer-Display/Core/Src/stm32h7xx_it.c:91:6:HardFault_Handler	4	static
C:/Dev/TouchGFXProjects/Frequency-Analyzer-Display/Core/Src/stm32h7xx_it.c:106:6:MemManage_Handler	4	static
C:/Dev/TouchGFXProjects/Frequency-Analyzer-Display/Core/Src/stm32h7xx_it.c:121:6:BusFault_Handler	4	static
C:/Dev/TouchGFXProjects/Frequency-Analyzer-Display/Core/Src/stm32h7xx_it.c:136:6:UsageFault_Handler	4	static
C:/Dev/TouchGFXProjects/Frequency-Analyzer-Display/Core/Src/stm32h7xx_it.c:151:6:DebugMon_Handler	4	static
C:/Dev/TouchGFXProjects/Frequency-Analyzer-Display/Core/Src/stm32h7xx_it.c:175:6:TIM6_DAC_IRQHandler	8	static
C:/Dev/TouchGFXProjects/Frequency-Analyzer-Display/Core/Src/stm32h7xx_it.c:189:6:LTDC_IRQHandler	8	static
C:/Dev/TouchGFXProjects/Frequency-Analyzer-Display/Core/Src/stm32h7xx_it.c:203:6:DMA2D_IRQHandler	8	static
C:/Dev/TouchGFXProjects/Frequency-Analyzer-Display/Core/Src/stm32h7xx_it.c:217:6:JPEG_IRQHandler	8	static
C:/Dev/TouchGFXProjects/Frequency-Analyzer-Display/Core/Src/stm32h7xx_it.c:231:6:MDMA_IRQHandler	8	static
C:/Dev/TouchGFXProjects/Frequency-Analyzer-Display/Core/Src/stm32h7xx_it.c:243:6:HAL_SAI_RxHalfCpltCallback	16	static
C:/Dev/TouchGFXProjects/Frequency-Analyzer-Display/Core/Src/stm32h7xx_it.c:256:6:HAL_SAI_RxCpltCallback	16	static
