../../TouchGFX/gui/include/gui/screen1_screen/Screen1Presenter.hpp:31:13:Screen1Presenter::~Screen1Presenter()	0	static
C:/Dev/TouchGFXProjects/Frequency-Analyzer-Display/TouchGFX/gui/src/screen1_screen/Screen1Presenter.cpp:10:6:virtual void Screen1Presenter::activate()	0	static
C:/Dev/TouchGFXProjects/Frequency-Analyzer-Display/TouchGFX/gui/src/screen1_screen/Screen1Presenter.cpp:15:6:virtual void Screen1Presenter::deactivate()	0	static
C:/Dev/TouchGFXProjects/Frequency-Analyzer-Display/TouchGFX/gui/src/screen1_screen/Screen1Presenter.cpp:27:6:virtual void Screen1Presenter::UpdateFrequencyGraph(float*, int)	0	static
../../TouchGFX/gui/include/gui/screen1_screen/Screen1Presenter.hpp:31:13:virtual Screen1Presenter::~Screen1Presenter()	8	static
C:/Dev/TouchGFXProjects/Frequency-Analyzer-Display/TouchGFX/gui/src/screen1_screen/Screen1Presenter.cpp:22:6:virtual void Screen1Presenter::UpdateGraphScale()	0	static
C:/Dev/TouchGFXProjects/Frequency-Analyzer-Display/TouchGFX/gui/src/screen1_screen/Screen1Presenter.cpp:32:6:virtual void Screen1Presenter::UpdateWindowFunction(unsigned char)	0	static
C:/Dev/TouchGFXProjects/Frequency-Analyzer-Display/TouchGFX/gui/src/screen1_screen/Screen1Presenter.cpp:38:6:virtual void Screen1Presenter::UpdateGraphScaleMagnitude()	0	static
C:/Dev/TouchGFXProjects/Frequency-Analyzer-Display/TouchGFX/gui/src/screen1_screen/Screen1Presenter.cpp:43:6:virtual void Screen1Presenter::UpdateGraphScaleDBFS()	0	static
C:/Dev/TouchGFXProjects/Frequency-Analyzer-Display/TouchGFX/gui/src/screen1_screen/Screen1Presenter.cpp:48:6:virtual void Screen1Presenter::UpdateGraphScalePSD()	0	static
C:/Dev/TouchGFXProjects/Frequency-Analyzer-Display/TouchGFX/gui/src/screen1_screen/Screen1Presenter.cpp:53:6:virtual void Screen1Presenter::UpdatePeakFrequency(float)	8	static
C:/Dev/TouchGFXProjects/Frequency-Analyzer-Display/TouchGFX/gui/src/screen1_screen/Screen1Presenter.cpp:63:6:virtual void Screen1Presenter::UpdateLinearRMS(float)	8	static
../../TouchGFX/gui/include/gui/screen1_screen/Screen1Presenter.hpp:31:13:virtual void* Screen1Presenter::_ZThn4_N16Screen1PresenterD1Ev()	0	static
../../TouchGFX/gui/include/gui/screen1_screen/Screen1Presenter.hpp:31:13:virtual void* Screen1Presenter::_ZThn4_N16Screen1PresenterD0Ev()	16	static
../../TouchGFX/gui/include/gui/screen1_screen/Screen1Presenter.hpp:38:18:virtual void Screen1Presenter::_ZThn4_N16Screen1Presenter25UpdateGraphScaleMagnitudeEv()	0	static
../../TouchGFX/gui/include/gui/screen1_screen/Screen1Presenter.hpp:39:18:virtual void Screen1Presenter::_ZThn4_N16Screen1Presenter20UpdateGraphScaleDBFSEv()	0	static
../../TouchGFX/gui/include/gui/screen1_screen/Screen1Presenter.hpp:40:18:virtual void Screen1Presenter::_ZThn4_N16Screen1Presenter19UpdateGraphScalePSDEv()	0	static
../../TouchGFX/gui/include/gui/screen1_screen/Screen1Presenter.hpp:43:10:virtual void Screen1Presenter::_ZThn4_N16Screen1Presenter15UpdateLinearRMSEf(float)	8	static
../../TouchGFX/gui/include/gui/screen1_screen/Screen1Presenter.hpp:42:10:virtual void Screen1Presenter::_ZThn4_N16Screen1Presenter19UpdatePeakFrequencyEf(float)	8	static
../../TouchGFX/gui/include/gui/screen1_screen/Screen1Presenter.hpp:33:18:virtual void Screen1Presenter::_ZThn4_N16Screen1Presenter20UpdateFrequencyGraphEPfi(float*, int)	0	static
C:/Dev/TouchGFXProjects/Frequency-Analyzer-Display/TouchGFX/gui/src/screen1_screen/Screen1Presenter.cpp:4:1:Screen1Presenter::Screen1Presenter(Screen1View&)	4	static
