Drawable.hpp:121:18:virtual void touchgfx::Drawable::invalidateContent() const	0	static
Drawable.hpp:147:23:virtual touchgfx::Drawable* touchgfx::Drawable::getFirstChild()	0	static
Drawable.hpp:315:18:virtual void touchgfx::Drawable::setX(int16_t)	0	static
Drawable.hpp:327:18:virtual void touchgfx::Drawable::setY(int16_t)	0	static
Drawable.hpp:356:18:virtual void touchgfx::Drawable::setWidth(int16_t)	0	static
Drawable.hpp:368:18:virtual void touchgfx::Drawable::setHeight(int16_t)	0	static
Drawable.hpp:378:18:virtual void touchgfx::Drawable::childGeometryChanged()	0	static
Drawable.hpp:389:18:virtual void touchgfx::Drawable::handleClickEvent(const touchgfx::ClickEvent&)	0	static
Drawable.hpp:401:18:virtual void touchgfx::Drawable::handleGestureEvent(const touchgfx::GestureEvent&)	0	static
Drawable.hpp:490:18:virtual void touchgfx::Drawable::handleDragEvent(const touchgfx::DragEvent&)	0	static
Drawable.hpp:501:18:virtual void touchgfx::Drawable::handleTickEvent()	0	static
Drawable.hpp:588:18:virtual void touchgfx::Drawable::moveTo(int16_t, int16_t)	4	static
Drawable.hpp:703:18:virtual void touchgfx::Drawable::setupDrawChain(const touchgfx::Rect&, touchgfx::Drawable**)	0	static
Widget.hpp:45:18:virtual void touchgfx::Widget::getLastChild(int16_t, int16_t, touchgfx::Drawable**)	0	static
Container.hpp:165:23:virtual touchgfx::Drawable* touchgfx::Container::getFirstChild()	0	static
Screen.hpp:93:18:virtual void touchgfx::Screen::setupScreen()	0	static
Screen.hpp:104:18:virtual void touchgfx::Screen::afterTransition()	0	static
Screen.hpp:115:18:virtual void touchgfx::Screen::tearDownScreen()	0	static
Screen.hpp:144:18:virtual void touchgfx::Screen::handleTickEvent()	0	static
Screen.hpp:154:18:virtual void touchgfx::Screen::handleKeyEvent(uint8_t)	0	static
AbstractPainter.hpp:61:34:virtual touchgfx::HAL::RenderingMethod touchgfx::AbstractPainter::getRenderingMethod() const	0	static
AbstractPainter.hpp:78:18:virtual bool touchgfx::AbstractPainter::setup(const touchgfx::Rect&) const	0	static
AbstractPainter.hpp:90:18:virtual void touchgfx::AbstractPainter::tearDown() const	0	static
AbstractDataGraph.hpp:127:17:virtual int touchgfx::AbstractDataGraph::getScaleX() const	0	static
AbstractDataGraph.hpp:162:17:virtual int touchgfx::AbstractDataGraph::getScaleY() const	0	static
AbstractDataGraph.hpp:172:18:virtual void touchgfx::AbstractDataGraph::setAlpha(uint8_t)	0	static
AbstractDataGraph.hpp:440:18:virtual void touchgfx::AbstractDataGraph::setGraphRangeX(int, int)	4	static
AbstractDataGraph.hpp:446:18:virtual void touchgfx::AbstractDataGraph::setGraphRangeX(float, float)	0	static
AbstractDataGraph.hpp:478:18:virtual void touchgfx::AbstractDataGraph::setGraphRangeXAuto(bool, int)	4	static
AbstractDataGraph.hpp:484:18:virtual void touchgfx::AbstractDataGraph::setGraphRangeXAuto(bool, float)	0	static
AbstractDataGraph.hpp:507:18:virtual void touchgfx::AbstractDataGraph::setGraphRangeY(int, int)	4	static
AbstractDataGraph.hpp:515:18:virtual void touchgfx::AbstractDataGraph::setGraphRangeY(float, float)	0	static
AbstractDataGraph.hpp:543:18:virtual void touchgfx::AbstractDataGraph::setGraphRangeYAuto(bool, int)	4	static
AbstractDataGraph.hpp:549:18:virtual void touchgfx::AbstractDataGraph::setGraphRangeYAuto(bool, float)	0	static
AbstractDataGraph.hpp:559:17:virtual int touchgfx::AbstractDataGraph::getGraphRangeXMinAsInt() const	0	static
AbstractDataGraph.hpp:569:19:virtual float touchgfx::AbstractDataGraph::getGraphRangeXMinAsFloat() const	0	static
AbstractDataGraph.hpp:583:17:virtual int touchgfx::AbstractDataGraph::getGraphRangeXMinScaled() const	0	static
AbstractDataGraph.hpp:593:17:virtual int touchgfx::AbstractDataGraph::getGraphRangeXMaxAsInt() const	0	static
AbstractDataGraph.hpp:603:19:virtual float touchgfx::AbstractDataGraph::getGraphRangeXMaxAsFloat() const	0	static
AbstractDataGraph.hpp:617:17:virtual int touchgfx::AbstractDataGraph::getGraphRangeXMaxScaled() const	0	static
AbstractDataGraph.hpp:627:17:virtual int touchgfx::AbstractDataGraph::getGraphRangeYMinAsInt() const	0	static
AbstractDataGraph.hpp:637:19:virtual float touchgfx::AbstractDataGraph::getGraphRangeYMinAsFloat() const	0	static
AbstractDataGraph.hpp:649:17:virtual int touchgfx::AbstractDataGraph::getGraphRangeYMinScaled() const	0	static
AbstractDataGraph.hpp:659:17:virtual int touchgfx::AbstractDataGraph::getGraphRangeYMaxAsInt() const	0	static
AbstractDataGraph.hpp:669:19:virtual float touchgfx::AbstractDataGraph::getGraphRangeYMaxAsFloat() const	0	static
AbstractDataGraph.hpp:681:17:virtual int touchgfx::AbstractDataGraph::getGraphRangeYMaxScaled() const	0	static
AbstractDataGraph.hpp:1176:18:virtual void touchgfx::AbstractDataGraph::invalidateContent() const	8	static
AbstractDataGraph.hpp:1880:17:virtual int touchgfx::StaticDataGraph::indexToXAxis(int, int) const	0	static
AbstractDataGraph.hpp:1887:25:virtual touchgfx::CWRUtil::Q5 touchgfx::StaticDataGraph::indexToScreenXQ5(int16_t) const	0	static
AbstractDataGraph.hpp:1892:25:virtual touchgfx::CWRUtil::Q5 touchgfx::StaticDataGraph::indexToScreenYQ5(int16_t) const	0	static
CanvasWidget.hpp:66:18:virtual void touchgfx::CanvasWidget::setAlpha(uint8_t)	0	static
CanvasWidget.hpp:72:21:virtual uint8_t touchgfx::CanvasWidget::getAlpha() const	0	static
CanvasWidget.hpp:118:18:virtual touchgfx::Rect touchgfx::CanvasWidget::getMinimalRect() const	8	static
CanvasWidget.hpp:134:18:virtual touchgfx::Rect touchgfx::CanvasWidget::getSolidRect() const	0	static
GraphElements.hpp:238:18:virtual void touchgfx::AbstractGraphElementNoCWR::setColor(touchgfx::colortype)	0	static
GraphElements.hpp:250:23:virtual touchgfx::colortype touchgfx::AbstractGraphElementNoCWR::getColor() const	0	static
GraphElements.hpp:255:18:virtual bool touchgfx::AbstractGraphElementNoCWR::drawCanvasWidget(const touchgfx::Rect&) const	0	static
GraphElements.hpp:272:18:virtual void touchgfx::AbstractGraphElementNoCWR::setPainter(touchgfx::AbstractPainter&)	0	static
GraphElements.hpp:414:18:virtual void touchgfx::GraphElementGridBase::invalidateGraphPointAt(int16_t)	0	static
GraphElements.hpp:436:17:virtual int touchgfx::GraphElementGridBase::getCorrectlyScaledMajorInterval(const touchgfx::AbstractDataGraph*) const	0	static
GraphElements.hpp:566:18:virtual touchgfx::Rect touchgfx::GraphElementGridX::enclosingArea(const touchgfx::AbstractDataGraph*) const	12	static
GraphElements.hpp:571:18:virtual touchgfx::Rect touchgfx::GraphElementGridX::lineRect(int16_t, int16_t, int16_t, int16_t) const	8	static
GraphElements.hpp:576:17:virtual int touchgfx::GraphElementGridX::getGraphRangeMinScaled(const touchgfx::AbstractDataGraph*) const	0	static
GraphElements.hpp:581:17:virtual int touchgfx::GraphElementGridX::getGraphRangeMaxScaled(const touchgfx::AbstractDataGraph*) const	0	static
GraphElements.hpp:586:17:virtual int touchgfx::GraphElementGridX::getGraphAreaStart(const touchgfx::AbstractDataGraph*) const	0	static
GraphElements.hpp:591:17:virtual int touchgfx::GraphElementGridX::getGraphAreaLength(const touchgfx::AbstractDataGraph*) const	0	static
GraphElements.hpp:596:17:virtual int touchgfx::GraphElementGridX::getGraphAreaStartPos(const touchgfx::AbstractDataGraph*) const	0	static
GraphElements.hpp:601:17:virtual int touchgfx::GraphElementGridX::getGraphAreaEndPos(const touchgfx::AbstractDataGraph*) const	0	static
GraphElements.hpp:606:25:virtual touchgfx::CWRUtil::Q5 touchgfx::GraphElementGridX::valueToScreenQ5(const touchgfx::AbstractDataGraph*, int) const	0	static
GraphElements.hpp:627:18:virtual touchgfx::Rect touchgfx::GraphElementGridY::enclosingArea(const touchgfx::AbstractDataGraph*) const	12	static
GraphElements.hpp:632:18:virtual touchgfx::Rect touchgfx::GraphElementGridY::lineRect(int16_t, int16_t, int16_t, int16_t) const	0	static
GraphElements.hpp:637:17:virtual int touchgfx::GraphElementGridY::getGraphRangeMinScaled(const touchgfx::AbstractDataGraph*) const	0	static
GraphElements.hpp:642:17:virtual int touchgfx::GraphElementGridY::getGraphRangeMaxScaled(const touchgfx::AbstractDataGraph*) const	0	static
GraphElements.hpp:647:17:virtual int touchgfx::GraphElementGridY::getGraphAreaStart(const touchgfx::AbstractDataGraph*) const	0	static
GraphElements.hpp:652:17:virtual int touchgfx::GraphElementGridY::getGraphAreaLength(const touchgfx::AbstractDataGraph*) const	0	static
GraphElements.hpp:657:17:virtual int touchgfx::GraphElementGridY::getGraphAreaStartPos(const touchgfx::AbstractDataGraph*) const	0	static
GraphElements.hpp:662:17:virtual int touchgfx::GraphElementGridY::getGraphAreaEndPos(const touchgfx::AbstractDataGraph*) const	0	static
GraphElements.hpp:667:25:virtual touchgfx::CWRUtil::Q5 touchgfx::GraphElementGridY::valueToScreenQ5(const touchgfx::AbstractDataGraph*, int) const	0	static
TypedText.hpp:65:13:touchgfx::TypedText::~TypedText()	0	static
View.hpp:36:7:touchgfx::View<Screen1Presenter>::~View()	0	static
Screen1ViewBase.cpp:75:6:virtual void Screen1ViewBase::setupScreen()	0	static
Callback.hpp:357:8:touchgfx::Callback<touchgfx::RadioButtonGroup<1>, const touchgfx::AbstractButton&, void, void>::~Callback()	0	static
RadioButtonGroup.hpp:53:13:touchgfx::RadioButtonGroup<CAPACITY>::~RadioButtonGroup() [with short unsigned int CAPACITY = 1]	0	static
Graph.hpp:54:7:touchgfx::Graph<512>::~Graph()	0	static
GraphElements.hpp:618:7:touchgfx::GraphElementGridY::~GraphElementGridY()	0	static
GraphElements.hpp:557:7:touchgfx::GraphElementGridX::~GraphElementGridX()	0	static
RadioButtonGroup.hpp:78:26:touchgfx::RadioButton* touchgfx::RadioButtonGroup<CAPACITY>::getRadioButton(uint16_t) const [with short unsigned int CAPACITY = 1]	0	static
RadioButtonGroup.hpp:89:21:int32_t touchgfx::RadioButtonGroup<CAPACITY>::getSelectedRadioButtonIndex() const [with short unsigned int CAPACITY = 1]	0	static
RadioButtonGroup.hpp:107:26:touchgfx::RadioButton* touchgfx::RadioButtonGroup<CAPACITY>::getSelectedRadioButton() const [with short unsigned int CAPACITY = 1]	8	static
RadioButtonGroup.hpp:138:18:void touchgfx::RadioButtonGroup<CAPACITY>::setDeselectionEnabled(bool) [with short unsigned int CAPACITY = 1]	12	static
RadioButtonGroup.hpp:153:18:bool touchgfx::RadioButtonGroup<CAPACITY>::getDeselectionEnabled() const [with short unsigned int CAPACITY = 1]	0	static
Callback.hpp:386:18:void touchgfx::Callback<dest_type, T1, void, void>::execute(T1) [with dest_type = touchgfx::RadioButtonGroup<1>; T1 = const touchgfx::AbstractButton&]	8	static
Callback.hpp:396:18:bool touchgfx::Callback<dest_type, T1, void, void>::isValid() const [with dest_type = touchgfx::RadioButtonGroup<1>; T1 = const touchgfx::AbstractButton&]	0	static
RadioButtonGroup.hpp:122:18:void touchgfx::RadioButtonGroup<CAPACITY>::setSelected(touchgfx::RadioButton&) [with short unsigned int CAPACITY = 1]	16	static
TypedText.hpp:65:13:virtual touchgfx::TypedText::~TypedText()	8	static
View.hpp:36:7:virtual touchgfx::View<Screen1Presenter>::~View()	8	static
Graph.hpp:54:7:virtual touchgfx::Graph<512>::~Graph()	8	static
GraphElements.hpp:557:7:virtual touchgfx::GraphElementGridX::~GraphElementGridX()	8	static
GraphElements.hpp:618:7:virtual touchgfx::GraphElementGridY::~GraphElementGridY()	8	static
RadioButtonGroup.hpp:53:13:touchgfx::RadioButtonGroup<CAPACITY>::~RadioButtonGroup() [with short unsigned int CAPACITY = 1]	8	static
Callback.hpp:357:8:virtual touchgfx::Callback<touchgfx::RadioButtonGroup<1>, const touchgfx::AbstractButton&, void, void>::~Callback()	8	static
AbstractDataGraph.hpp:1779:17:virtual int touchgfx::StaticDataGraph::indexToDataPointYScaled(int16_t) const	8	static
AbstractDataGraph.hpp:1763:17:virtual int touchgfx::StaticDataGraph::indexToDataPointXScaled(int16_t) const	8	static
RadioButtonGroup.hpp:63:18:void touchgfx::RadioButtonGroup<CAPACITY>::add(touchgfx::RadioButton&) [with short unsigned int CAPACITY = 1]	8	static
GraphElements.hpp:560:17:virtual int touchgfx::GraphElementGridX::getCorrectlyScaledGridInterval(const touchgfx::AbstractDataGraph*) const	16	static
GraphElements.hpp:621:17:virtual int touchgfx::GraphElementGridY::getCorrectlyScaledGridInterval(const touchgfx::AbstractDataGraph*) const	16	static
Screen1ViewBase.cpp:70:1:Screen1ViewBase::~Screen1ViewBase()	8	static
Screen1ViewBase.cpp:70:1:virtual Screen1ViewBase::~Screen1ViewBase()	8	static
RadioButtonGroup.hpp:227:18:void touchgfx::RadioButtonGroup<CAPACITY>::radioButtonDeselectedHandler(const touchgfx::AbstractButton&) [with short unsigned int CAPACITY = 1]	16	static
RadioButtonGroup.hpp:202:18:void touchgfx::RadioButtonGroup<CAPACITY>::radioButtonClickedHandler(const touchgfx::AbstractButton&) [with short unsigned int CAPACITY = 1]	16	static
Drawable.hpp:48:5:touchgfx::Drawable::Drawable()	0	static
Drawable.hpp:233:10:void touchgfx::Drawable::setPosition(int16_t, int16_t, int16_t, int16_t)	24	static
CWRUtil.hpp:828:15:static touchgfx::CWRUtil::Q5 touchgfx::CWRUtil::muldiv_toQ5(int32_t, int32_t, int32_t)	24	static
AbstractDataGraph.hpp:1282:25:virtual touchgfx::CWRUtil::Q5 touchgfx::AbstractDataGraph::valueToScreenYQ5(int) const	16	static
AbstractDataGraph.hpp:1270:25:virtual touchgfx::CWRUtil::Q5 touchgfx::AbstractDataGraph::valueToScreenXQ5(int) const	16	static
GraphLabels.hpp:43:5:touchgfx::GraphLabelsBase::GraphLabelsBase()	8	static
AbstractPainterRGB565.hpp:41:5:touchgfx::AbstractPainterRGB565::AbstractPainterRGB565()	16	static
Screen1ViewBase.cpp:10:1:Screen1ViewBase::Screen1ViewBase()	104	static
