stm32h7xx_hal_msp.c:68:6:HAL_MspInit	8	static
stm32h7xx_hal_msp.c:91:6:HAL_CRC_MspInit	8	static
stm32h7xx_hal_msp.c:113:6:HAL_CRC_MspDeInit	0	static
stm32h7xx_hal_msp.c:135:6:HAL_DMA2D_MspInit	16	static
stm32h7xx_hal_msp.c:160:6:HAL_DMA2D_MspDeInit	0	static
stm32h7xx_hal_msp.c:185:6:HAL_JPEG_MspInit	24	static
stm32h7xx_hal_msp.c:269:6:HAL_JPEG_MspDeInit	8	static
stm32h7xx_hal_msp.c:298:6:HAL_LTDC_MspInit	248	static
stm32h7xx_hal_msp.c:410:6:HAL_LTDC_MspDeInit	8	static
stm32h7xx_hal_msp.c:478:6:HAL_QSPI_MspInit	256	static
stm32h7xx_hal_msp.c:571:6:HAL_QSPI_MspDeInit	8	static
stm32h7xx_hal_msp.c:719:6:HAL_SDRAM_MspInit	240	static
stm32h7xx_hal_msp.c:803:6:HAL_SDRAM_MspDeInit	8	static
