stm32h7xx_it.c:76:6:NMI_Handler	0	static
stm32h7xx_it.c:89:6:HardFault_Handler	0	static
stm32h7xx_it.c:104:6:MemManage_Handler	0	static
stm32h7xx_it.c:119:6:BusFault_Handler	0	static
stm32h7xx_it.c:134:6:UsageFault_Handler	0	static
stm32h7xx_it.c:149:6:DebugMon_Handler	0	static
stm32h7xx_it.c:173:6:TIM6_DAC_IRQHandler	0	static
stm32h7xx_it.c:187:6:LTDC_IRQHandler	0	static
stm32h7xx_it.c:201:6:DMA2D_IRQHandler	0	static
stm32h7xx_it.c:215:6:JPEG_IRQHandler	0	static
stm32h7xx_it.c:229:6:MDMA_IRQHandler	8	static
